---
source: compiler-core/src/language_server/tests/completion.rs
expression: "completion_at_default_position(TestProject::for_source(\"import dep\").add_module(\"dep\",\n        dep))"
---
[
    CompletionItem {
        label: "dep.Bar",
        label_details: Some(
            CompletionItemLabelDetails {
                detail: None,
                description: Some(
                    "app",
                ),
            },
        ),
        kind: Some(
            EnumMember,
        ),
        detail: Some(
            "Foo",
        ),
        documentation: None,
        deprecated: None,
        preselect: None,
        sort_text: None,
        filter_text: None,
        insert_text: None,
        insert_text_format: None,
        insert_text_mode: None,
        text_edit: Some(
            Edit(
                TextEdit {
                    range: Range {
                        start: Position {
                            line: 1,
                            character: 0,
                        },
                        end: Position {
                            line: 1,
                            character: 0,
                        },
                    },
                    new_text: "dep.Bar",
                },
            ),
        ),
        additional_text_edits: None,
        command: None,
        commit_characters: None,
        data: None,
        tags: None,
    },
    CompletionItem {
        label: "dep.foo",
        label_details: Some(
            CompletionItemLabelDetails {
                detail: None,
                description: Some(
                    "app",
                ),
            },
        ),
        kind: Some(
            Constant,
        ),
        detail: Some(
            "Int",
        ),
        documentation: None,
        deprecated: None,
        preselect: None,
        sort_text: None,
        filter_text: None,
        insert_text: None,
        insert_text_format: None,
        insert_text_mode: None,
        text_edit: Some(
            Edit(
                TextEdit {
                    range: Range {
                        start: Position {
                            line: 1,
                            character: 0,
                        },
                        end: Position {
                            line: 1,
                            character: 0,
                        },
                    },
                    new_text: "dep.foo",
                },
            ),
        ),
        additional_text_edits: None,
        command: None,
        commit_characters: None,
        data: None,
        tags: None,
    },
    CompletionItem {
        label: "dep.main",
        label_details: Some(
            CompletionItemLabelDetails {
                detail: None,
                description: Some(
                    "app",
                ),
            },
        ),
        kind: Some(
            Function,
        ),
        detail: Some(
            "fn() -> Int",
        ),
        documentation: None,
        deprecated: None,
        preselect: None,
        sort_text: None,
        filter_text: None,
        insert_text: None,
        insert_text_format: None,
        insert_text_mode: None,
        text_edit: Some(
            Edit(
                TextEdit {
                    range: Range {
                        start: Position {
                            line: 1,
                            character: 0,
                        },
                        end: Position {
                            line: 1,
                            character: 0,
                        },
                    },
                    new_text: "dep.main",
                },
            ),
        ),
        additional_text_edits: None,
        command: None,
        commit_characters: None,
        data: None,
        tags: None,
    },
    CompletionItem {
        label: "dep.random_float",
        label_details: Some(
            CompletionItemLabelDetails {
                detail: None,
                description: Some(
                    "app",
                ),
            },
        ),
        kind: Some(
            Function,
        ),
        detail: Some(
            "fn() -> Float",
        ),
        documentation: None,
        deprecated: None,
        preselect: None,
        sort_text: None,
        filter_text: None,
        insert_text: None,
        insert_text_format: None,
        insert_text_mode: None,
        text_edit: Some(
            Edit(
                TextEdit {
                    range: Range {
                        start: Position {
                            line: 1,
                            character: 0,
                        },
                        end: Position {
                            line: 1,
                            character: 0,
                        },
                    },
                    new_text: "dep.random_float",
                },
            ),
        ),
        additional_text_edits: None,
        command: None,
        commit_characters: None,
        data: None,
        tags: None,
    },
]
