---
source: compiler-core/src/language_server/tests/completion.rs
expression: "completion(TestProject::for_source(code).add_test_module(\"my_tests\", test),\n    Position::new(0, 10))"
---
[]
