---
source: compiler-core/src/nix/tests/bools.rs
expression: "pub fn negate(x) {\n    panic && x\n}"
---
let
  negate = x: (builtins.throw "panic expression evaluated") && x;
in { inherit negate; }
