---
source: compiler-core/src/nix/tests/use_.rs
expression: "\npub fn main() {\n  let thingy = fn(f) { f() }\n  use <- thingy()\n}\n"
---
let
  main =
    let
      thingy = f: f;
    in thingy (builtins.throw "This has not yet been implemented");
in { inherit main; }
