---
source: compiler-core/src/nix/tests/custom_types.rs
expression: "import other.{Two}\nconst a = Two\n"
---
let
  mod''other = builtins.import ./../other.nix;
  inherit (builtins.import ./../other.nix) Two;
  
  a = Two;
in {}
