---
source: compiler-core/src/nix/tests/results.rs
expression: "import gleam\npub fn main() { gleam.Error }"
snapshot_kind: text
---
----- SOURCE CODE
import gleam
pub fn main() { gleam.Error }

----- COMPILED NIX
let
  gleam' = builtins.import ./../gleam.nix;
  
  main = { }: gleam'.Error;
in
{ inherit main; }
