---
source: compiler-core/src/nix/tests/functions.rs
expression: "pub fn main() {\n  fn(x) { x }(1)\n}\n"
---
let main = { }: (x: x) 1; in { inherit main; }
