---
source: compiler-core/src/nix/tests/custom_types.rs
expression: "import other.{Two as Three}\npub fn main() {\n  Three\n}"
snapshot_kind: text
---
----- SOURCE CODE
import other.{Two as Three}
pub fn main() {
  Three
}

----- COMPILED NIX
let
  other' = builtins.import ./../other.nix;
  Three = (builtins.import ./../other.nix).Two;
  
  main = { }: Three;
in
{ inherit main; }
