---
source: compiler-core/src/javascript/tests/todo.rs
assertion_line: 16
expression: "\npub fn go() {\n    todo\n}\n"
---
export function go(): any;

